1790255196692	geckodriver	INFO	Listening on 127.0.0.1:49503
1790255200499	mozrunner::runner	INFO	Running command: "C:\\Users\\Utilisateur\\.cache\\selenium\\firefox\\win64\\156.0.1\\firefox.exe" "--marionette" "--remote-de ... "--remote-allow-hosts" "localhost" "-no-remote" "-profile" "C:\\Users\\UTILIS~1\\AppData\\Local\\Temp\\rust_mozprofile9ii6TL"
Dynamically enable window occlusion 0
1790255212851	Marionette	INFO	Marionette enabled
1790255213681	Marionette	INFO	Listening on port 64206
WebDriver BiDi listening on ws://127.0.0.1:49504
Read port: 64206
1790255214621	RemoteAgent	WARN	TLS certificate errors will be ignored for this session
[GFX1-]: Calling WaitFlushedEvent::Run: is delayed: 3865
[ERROR shell_windows::limited_access_features] Error generating feature token: NS_ERROR_FAILURE
[ERROR shell_windows::taskbar::shortcut] Error matching shortcut: Error { code: HRESULT(0x80004005), message: "Erreur non spécifiée" }
[ERROR shell_windows::taskbar::shortcut] Error matching shortcut: Error { code: HRESULT(0x80004005), message: "Erreur non spécifiée" }
[ERROR shell_windows::taskbar::shortcut] Error matching shortcut: Error { code: HRESULT(0x80004005), message: "Erreur non spécifiée" }
console.error: "Experiment desktop-release-rollout-show-relay-to-all-browsers-next-sign-up-modal-cta has unknown featureId: email-autocomplete-relay"
console.error: "Experiment visual-card-updates has unknown featureId: newtabRefinedCardsLayout"
console.error: "Experiment enable-nimbus-unenrollment-synchronization has unknown featureId: nimbusStore"
console.error: "Experiment private-window-visual-refresh-design-change-only has unknown featureId: feltPrivacy"
console.warn: LoginRecipes: "Falling back to a synchronous message for: https://ssid-testing-agency.github.io."
console.warn: LoginRecipes: "Falling back to a synchronous message for: https://ssid-testing-agency.github.io."
1790255247977	Marionette	INFO	Stopped listening on port 64206
JavaScript warning: https://ssid-testing-agency.github.io/Lab.qa/assets/index-MpLZSZb3.js, line 48: Script terminated by timeout at:
wx@https://ssid-testing-agency.github.io/Lab.qa/assets/index-MpLZSZb3.js:48:87409
xs@https://ssid-testing-agency.github.io/Lab.qa/assets/index-MpLZSZb3.js:48:117809
Gm@https://ssid-testing-agency.github.io/Lab.qa/assets/index-MpLZSZb3.js:48:117055
Mx@https://ssid-testing-agency.github.io/Lab.qa/assets/index-MpLZSZb3.js:48:116042
kc@https://ssid-testing-agency.github.io/Lab.qa/assets/index-MpLZSZb3.js:48:115872
qm@https://ssid-testing-agency.github.io/Lab.qa/assets/index-MpLZSZb3.js:48:112317
ah@https://ssid-testing-agency.github.io/Lab.qa/assets/index-MpLZSZb3.js:48:124462
fe@https://ssid-testing-agency.github.io/Lab.qa/assets/index-MpLZSZb3.js:25:1638

JavaScript error: resource://messaging-system/lib/SpecialMessageActions.sys.mjs, line 860: TypeError: can't access property "documentGlobal", browser is undefined
JavaScript error: resource://gre/modules/AddonManager.sys.mjs, line 1370: NS_ERROR_NOT_INITIALIZED: AddonManager is not initialized
JavaScript error: resource://gre/modules/PrivateBrowsingUtils.sys.mjs, line 50: TypeError: can't access property "QueryInterface", aWindow.docShell is null
Dynamically enable window occlusion 1
JavaScript error: resource://gre/modules/UrlClassifierListManager.sys.mjs, line 627: NS_ERROR_NOT_INITIALIZED: Component returned failure code: 0xc1f30001 (NS_ERROR_NOT_INITIALIZED) [nsIUrlClassifierDBService.getTables]
console.error: (new AbortError("IOUtils: Shutting down and refusing additional I/O tasks (NS_ERROR_ABORT)", (void 0), 941))
console.error: (new AbortError("IOUtils: Shutting down and refusing additional I/O tasks (NS_ERROR_ABORT)", (void 0), 941))
JavaScript error: resource://gre/modules/CrashManager.sys.mjs, line 981: AbortError: IOUtils: Shutting down and refusing additional I/O tasks (NS_ERROR_ABORT)
