[INFO]    Initialized logging in .\pabot_results
[INFO]    Robot Framework remote server at 127.0.0.1:8270 started.
[DEBUG]   Storing .pabotsuitenames file
[DEBUG]   2026-09-24 15:06:30.137136 [PID:12408] [1] [ID:2] EXECUTING Tests.E2E labQA {./edge.txt}
[DEBUG]   2026-09-24 15:06:30.148214 [PID:23860] [0] [ID:1] EXECUTING Tests.E2E labQA {./firefox.txt}
[DEBUG]   2026-09-24 15:06:30.153471 [PID:19680] [3] [ID:5] EXECUTING Tests.Loginwithjdd {./edge.txt}
[DEBUG]   2026-09-24 15:06:30.162664 [PID:11436] [5] [ID:3] EXECUTING Tests.Loginwithjdd {./chrome.txt}
[DEBUG]   2026-09-24 15:06:30.166232 [PID:5144] [4] [ID:4] EXECUTING Tests.Loginwithjdd {./firefox.txt}
[DEBUG]   2026-09-24 15:06:30.173615 [PID:12492] [2] [ID:0] EXECUTING Tests.E2E labQA {./chrome.txt}
[DEBUG]   2026-09-24 15:06:35.275195 [PID:11436] [5] [ID:3] still running Tests.Loginwithjdd {./chrome.txt} after 5.0s
[DEBUG]   2026-09-24 15:06:35.316628 [PID:5144] [4] [ID:4] still running Tests.Loginwithjdd {./firefox.txt} after 5.0s
[DEBUG]   2026-09-24 15:06:35.316884 [PID:12492] [2] [ID:0] still running Tests.E2E labQA {./chrome.txt} after 5.0s
[DEBUG]   2026-09-24 15:06:35.440082 [PID:23860] [0] [ID:1] still running Tests.E2E labQA {./firefox.txt} after 5.0s
[DEBUG]   2026-09-24 15:06:35.440245 [PID:12408] [1] [ID:2] still running Tests.E2E labQA {./edge.txt} after 5.0s
[DEBUG]   2026-09-24 15:06:35.463999 [PID:19680] [3] [ID:5] still running Tests.Loginwithjdd {./edge.txt} after 5.0s
[DEBUG]   2026-09-24 15:06:45.843252 [PID:12492] [2] [ID:0] still running Tests.E2E labQA {./chrome.txt} after 15.0s
[DEBUG]   2026-09-24 15:06:45.843536 [PID:11436] [5] [ID:3] still running Tests.Loginwithjdd {./chrome.txt} after 15.0s
[DEBUG]   2026-09-24 15:06:45.843812 [PID:5144] [4] [ID:4] still running Tests.Loginwithjdd {./firefox.txt} after 15.0s
[DEBUG]   2026-09-24 15:06:46.646918 [PID:19680] [3] [ID:5] still running Tests.Loginwithjdd {./edge.txt} after 15.0s
[DEBUG]   2026-09-24 15:06:46.647845 [PID:23860] [0] [ID:1] still running Tests.E2E labQA {./firefox.txt} after 15.0s
[DEBUG]   2026-09-24 15:06:46.648917 [PID:12408] [1] [ID:2] still running Tests.E2E labQA {./edge.txt} after 15.0s
[DEBUG]   2026-09-24 15:07:01.934601 [PID:5144] [4] [ID:4] still running Tests.Loginwithjdd {./firefox.txt} after 30.0s
[DEBUG]   2026-09-24 15:07:02.032364 [PID:12492] [2] [ID:0] still running Tests.E2E labQA {./chrome.txt} after 30.0s
[DEBUG]   2026-09-24 15:07:02.035694 [PID:11436] [5] [ID:3] still running Tests.Loginwithjdd {./chrome.txt} after 30.0s
[DEBUG]   2026-09-24 15:07:03.750606 [PID:23860] [0] [ID:1] still running Tests.E2E labQA {./firefox.txt} after 30.0s
[DEBUG]   2026-09-24 15:07:03.750938 [PID:19680] [3] [ID:5] still running Tests.Loginwithjdd {./edge.txt} after 30.0s
[DEBUG]   2026-09-24 15:07:03.860687 [PID:12408] [1] [ID:2] still running Tests.E2E labQA {./edge.txt} after 30.0s
[DEBUG]   2026-09-24 15:07:22.964227 [PID:5144] [4] [ID:4] still running Tests.Loginwithjdd {./firefox.txt} after 50.0s
[DEBUG]   2026-09-24 15:07:23.057350 [PID:12492] [2] [ID:0] still running Tests.E2E labQA {./chrome.txt} after 50.0s
[DEBUG]   2026-09-24 15:07:23.057639 [PID:11436] [5] [ID:3] still running Tests.Loginwithjdd {./chrome.txt} after 50.0s
[DEBUG]   2026-09-24 15:07:26.987122 [PID:23860] [0] [ID:1] still running Tests.E2E labQA {./firefox.txt} after 50.0s
[DEBUG]   2026-09-24 15:07:26.987998 [PID:19680] [3] [ID:5] still running Tests.Loginwithjdd {./edge.txt} after 50.0s
[DEBUG]   2026-09-24 15:07:27.095828 [PID:12408] [1] [ID:2] still running Tests.E2E labQA {./edge.txt} after 50.0s
[DEBUG]   2026-09-24 15:07:49.913137 [PID:5144] [4] [ID:4] still running Tests.Loginwithjdd {./firefox.txt} after 75.0s
[DEBUG]   2026-09-24 15:07:50.049380 [PID:12492] [2] [ID:0] still running Tests.E2E labQA {./chrome.txt} after 75.0s
[DEBUG]   2026-09-24 15:07:50.049800 [PID:11436] [5] [ID:3] still running Tests.Loginwithjdd {./chrome.txt} after 75.0s
[INFO]    2026-09-24 15:07:52.225021 [PID:11436] [5] [ID:3] PASSED Tests.Loginwithjdd {./chrome.txt} in 82.1 seconds
[DEBUG]   2026-09-24 15:07:58.056661 [PID:19680] [3] [ID:5] still running Tests.Loginwithjdd {./edge.txt} after 75.0s
[DEBUG]   2026-09-24 15:07:59.325724 [PID:23860] [0] [ID:1] still running Tests.E2E labQA {./firefox.txt} after 75.0s
[DEBUG]   2026-09-24 15:07:59.517695 [PID:12408] [1] [ID:2] still running Tests.E2E labQA {./edge.txt} after 75.0s
[INFO]    2026-09-24 15:08:00.619265 [PID:23860] [0] [ID:1] PASSED Tests.E2E labQA {./firefox.txt} in 90.5 seconds
[INFO]    2026-09-24 15:08:08.618788 [PID:12408] [1] [ID:2] PASSED Tests.E2E labQA {./edge.txt} in 98.5 seconds
[INFO]    2026-09-24 15:08:08.701968 [PID:12492] [2] [ID:0] PASSED Tests.E2E labQA {./chrome.txt} in 98.5 seconds
[INFO]    2026-09-24 15:08:08.801845 [PID:19680] [3] [ID:5] PASSED Tests.Loginwithjdd {./edge.txt} in 98.6 seconds
[INFO]    2026-09-24 15:08:17.177566 [PID:5144] [4] [ID:4] PASSED Tests.Loginwithjdd {./firefox.txt} in 107.0 seconds
[INFO]    9 tests, 9 passed, 0 failed, 0 skipped.
[INFO]    ===================================================
[INFO]    Output:  
[INFO]    C:\Users\Utilisateur\Desktop\Formation Qa\Rebot framwork\E2E_labQA\output.xml
[INFO]    
[INFO]    Log:     
[INFO]    C:\Users\Utilisateur\Desktop\Formation Qa\Rebot framwork\E2E_labQA\log.html
[INFO]    
[INFO]    Report:  
[INFO]    C:\Users\Utilisateur\Desktop\Formation Qa\Rebot framwork\E2E_labQA\report.html
[INFO]    
[DEBUG]   Finalizing Pabot execution...
[DEBUG]   Stopping PabotLib process
[INFO]    Robot Framework remote server at 127.0.0.1:8270 stopped.
[DEBUG]   PabotLib process stopped
[INFO]    Total testing: 9 minutes 35.20 seconds
[INFO]    Elapsed time:  1 minute 50.43 seconds
[DEBUG]   Logs flushed successfully.
